[connection]
wifi.powersave = 2
[1m[33m -> [0m[0mAvoid running yay as root/sudo.
AUR Explicit (1): swaylock-effects-1.7.0.0-4
:: [1mPKGBUILD up to date, skipping download: swaylock-effects[0m
  1 swaylock-effects                         (Build Files Exist)
==> Packages to cleanBuild?
==> [N]one [A]ll [Ab]ort [I]nstalled [No]tInstalled or (1 2 3, 1-3, ^4)
==> 
  1 swaylock-effects                         (Build Files Exist)
==> Diffs to show?
==> [N]one [A]ll [Ab]ort [I]nstalled [No]tInstalled or (1 2 3, 1-3, ^4)
==> 
==> ERROR: Running makepkg as root is not allowed as it can cause permanent,
catastrophic damage to your system.
 -> error downloading sources: /tmp/yay/swaylock-effects 
	 context: exit status 10 
	 

:: [1m(1/1) Parsing SRCINFO: swaylock-effects[0m
==> ERROR: Running makepkg as root is not allowed as it can cause permanent,
catastrophic damage to your system.
 -> error making: swaylock-effects-exit status 10
 -> Failed to install the following packages. Manual intervention is required:
swaylock-effects - exit status 10
